// Jest Snapshot v1, https://goo.gl/fbAQLP

exports[`example runs a test 1`] = `"Hello world"`;
