// Jest Snapshot v1, https://goo.gl/fbAQLP

exports[`spys on object nested properties 1`] = `
Object {
  "nested": Object {
    "propA": null,
    "propB": true,
  },
  "prop1": 1,
  "prop2": "two",
  "propFn": [MockFunction],
}
`;
